[    0.000000] Booting Linux on physical CPU 0x0
[    0.000000] Initializing cgroup subsys cpu
[    0.000000] Initializing cgroup subsys cpuacct
[    0.000000] Linux version 3.18.8+ (root@vagrant-ubuntu-precise-32) (gcc version 4.7.1 20120402 (prerelease) (crosstool-NG 1.15.2) ) #2 PREEMPT Mon Mar 9 14:05:46 UTC 2015
[    0.000000] CPU: ARMv6-compatible processor [410fb767] revision 7 (ARMv7), cr=00c5387d
[    0.000000] CPU: PIPT / VIPT nonaliasing data cache, VIPT nonaliasing instruction cache
[    0.000000] Machine model: Raspberry Pi Model B Plus
[    0.000000] cma: Reserved 8 MiB at 0x1b800000
[    0.000000] Memory policy: Data cache writeback
[    0.000000] On node 0 totalpages: 114688
[    0.000000] free_area_init_node: node 0, pgdat c084db0c, node_mem_map db474000
[    0.000000]   Normal zone: 896 pages used for memmap
[    0.000000]   Normal zone: 0 pages reserved
[    0.000000]   Normal zone: 114688 pages, LIFO batch:31
[    0.000000] pcpu-alloc: s0 r0 d32768 u32768 alloc=1*32768
[    0.000000] pcpu-alloc: [0] 0 
[    0.000000] Built 1 zonelists in Zone order, mobility grouping on.  Total pages: 113792
[    0.000000] Kernel command line: dma.dmachans=0x7f35 bcm2708_fb.fbwidth=656 bcm2708_fb.fbheight=416 bcm2708.boardrev=0x10 bcm2708.serial=0xa2387561 smsc95xx.macaddr=B8:27:EB:38:75:61 bcm2708_fb.fbswap=1 bcm2708.disk_led_gpio=47 bcm2708.disk_led_active_low=0 sdhci-bcm2708.emmc_clock_freq=250000000 vc_mem.mem_base=0x1ec00000 vc_mem.mem_size=0x20000000  dwc_otg.lpm_enable=0 console=ttyAMA0,115200 console=tty1 root=/dev/mmcblk0p2 rootfstype=ext4 elevator=deadline rootwait fbcon=map:10 fbcon=font:VGA8x8
[    0.000000] PID hash table entries: 2048 (order: 1, 8192 bytes)
[    0.000000] Dentry cache hash table entries: 65536 (order: 6, 262144 bytes)
[    0.000000] Inode-cache hash table entries: 32768 (order: 5, 131072 bytes)
[    0.000000] Memory: 437204K/458752K available (5907K kernel code, 358K rwdata, 1892K rodata, 344K init, 734K bss, 21548K reserved)
[    0.000000] Virtual kernel memory layout:
[    0.000000]     vector  : 0xffff0000 - 0xffff1000   (   4 kB)
[    0.000000]     fixmap  : 0xffc00000 - 0xffe00000   (2048 kB)
[    0.000000]     vmalloc : 0xdc800000 - 0xff000000   ( 552 MB)
[    0.000000]     lowmem  : 0xc0000000 - 0xdc000000   ( 448 MB)
[    0.000000]     modules : 0xbf000000 - 0xc0000000   (  16 MB)
[    0.000000]       .text : 0xc0008000 - 0xc07a5e5c   (7800 kB)
[    0.000000]       .init : 0xc07a6000 - 0xc07fc000   ( 344 kB)
[    0.000000]       .data : 0xc07fc000 - 0xc0855ba4   ( 359 kB)
[    0.000000]        .bss : 0xc0855ba4 - 0xc090d698   ( 735 kB)
[    0.000000] SLUB: HWalign=32, Order=0-3, MinObjects=0, CPUs=1, Nodes=1
[    0.000000] Preemptible hierarchical RCU implementation.
[    0.000000] NR_IRQS:522
[    0.000026] sched_clock: 32 bits at 1000kHz, resolution 1000ns, wraps every 2147483648000ns
[    0.000075] Switching to timer-based delay loop, resolution 1000ns
[    0.000365] Console: colour dummy device 80x30
[    0.001699] console [tty1] enabled
[    0.001749] Calibrating delay loop (skipped), value calculated using timer frequency.. 2.00 BogoMIPS (lpj=10000)
[    0.001835] pid_max: default: 32768 minimum: 301
[    0.002227] Mount-cache hash table entries: 1024 (order: 0, 4096 bytes)
[    0.002303] Mountpoint-cache hash table entries: 1024 (order: 0, 4096 bytes)
[    0.003341] Initializing cgroup subsys memory
[    0.003439] Initializing cgroup subsys devices
[    0.003502] Initializing cgroup subsys freezer
[    0.003562] Initializing cgroup subsys net_cls
[    0.003617] Initializing cgroup subsys blkio
[    0.003746] CPU: Testing write buffer coherency: ok
[    0.003865] ftrace: allocating 19717 entries in 58 pages
[    0.109881] Setting up static identity map for 0x5564c8 - 0x556524
[    0.112746] devtmpfs: initialized
[    0.130041] VFP support v0.3: implementor 41 architecture 1 part 20 variant b rev 5
[    0.133291] pinctrl core: initialized pinctrl subsystem
[    0.136423] NET: Registered protocol family 16
[    0.142073] DMA: preallocated 4096 KiB pool for atomic coherent allocations
[    0.169661] cpuidle: using governor ladder
[    0.199724] cpuidle: using governor menu
[    0.200379] bcm2708.uart_clock = 3000000
[    0.204103] No ATAGs?
[    0.204170] hw-breakpoint: found 6 breakpoint and 1 watchpoint registers.
[    0.204239] hw-breakpoint: maximum watchpoint size is 4 bytes.
[    0.204309] mailbox: Broadcom VideoCore Mailbox driver
[    0.204480] bcm2708_vcio: mailbox at f200b880
[    0.204969] bcm_power: Broadcom power driver
[    0.205033] bcm_power_open() -> 0
[    0.205066] bcm_power_request(0, 8)
[    0.705781] bcm_mailbox_read -> 00000080, 0
[    0.705831] bcm_power_request -> 0
[    0.706027] Serial: AMBA PL011 UART driver
[    0.706270] dev:f1: ttyAMA0 at MMIO 0x20201000 (irq = 83, base_baud = 0) is a PL011 rev3
[    1.101348] console [ttyAMA0] enabled
[    1.174797] SCSI subsystem initialized
[    1.178895] usbcore: registered new interface driver usbfs
[    1.184689] usbcore: registered new interface driver hub
[    1.190193] usbcore: registered new device driver usb
[    1.197494] Switched to clocksource stc
[    1.228913] FS-Cache: Loaded
[    1.232235] CacheFiles: Loaded
[    1.252459] NET: Registered protocol family 2
[    1.258479] TCP established hash table entries: 4096 (order: 2, 16384 bytes)
[    1.265666] TCP bind hash table entries: 4096 (order: 2, 16384 bytes)
[    1.272430] TCP: Hash tables configured (established 4096 bind 4096)
[    1.278970] TCP: reno registered
[    1.282246] UDP hash table entries: 256 (order: 0, 4096 bytes)
[    1.288184] UDP-Lite hash table entries: 256 (order: 0, 4096 bytes)
[    1.294855] NET: Registered protocol family 1
[    1.299965] RPC: Registered named UNIX socket transport module.
[    1.305942] RPC: Registered udp transport module.
[    1.310786] RPC: Registered tcp transport module.
[    1.315521] RPC: Registered tcp NFSv4.1 backchannel transport module.
[    1.323313] hw perfevents: enabled with armv6_1176 PMU driver, 3 counters available
[    1.331465] bcm2708_dma: DMA manager at f2007000
[    1.336310] vc-mem: phys_addr:0x00000000 mem_base=0x1ec00000 mem_size:0x20000000(512 MiB)
[    1.346240] futex hash table entries: 256 (order: -1, 3072 bytes)
[    1.352744] audit: initializing netlink subsys (disabled)
[    1.358328] audit: type=2000 audit(1.110:1): initialized
[    1.378869] VFS: Disk quotas dquot_6.5.2
[    1.383223] Dquot-cache hash table entries: 1024 (order 0, 4096 bytes)
[    1.392770] FS-Cache: Netfs 'nfs' registered for caching
[    1.399919] NFS: Registering the id_resolver key type
[    1.405093] Key type id_resolver registered
[    1.409443] Key type id_legacy registered
[    1.414777] msgmni has been set to 869
[    1.421204] Block layer SCSI generic (bsg) driver version 0.4 loaded (major 252)
[    1.429222] io scheduler noop registered
[    1.433207] io scheduler deadline registered (default)
[    1.438947] io scheduler cfq registered
[    1.445341] BCM2708FB: allocated DMA memory 5bc00000
[    1.450654] BCM2708FB: allocated DMA channel 0 @ f2007000
[    1.461558] Console: switching to colour frame buffer device 82x52
[    1.472022] bcm2708-dmaengine bcm2708-dmaengine: Load BCM2835 DMA engine driver
[    1.480095] uart-pl011 dev:f1: no DMA platform data
[    1.485878] vc-cma: Videocore CMA driver
[    1.490044] vc-cma: vc_cma_base      = 0x00000000
[    1.494830] vc-cma: vc_cma_size      = 0x00000000 (0 MiB)
[    1.500406] vc-cma: vc_cma_initial   = 0x00000000 (0 MiB)
[    1.519274] brd: module loaded
[    1.529672] loop: module loaded
[    1.533389] vchiq: vchiq_init_state: slot_zero = 0xdb800000, is_master = 0
[    1.541299] Loading iSCSI transport class v2.0-870.
[    1.547911] usbcore: registered new interface driver smsc95xx
[    1.554057] dwc_otg: version 3.00a 10-AUG-2012 (platform bus)
[    1.762119] Core Release: 2.80a
[    1.767145] Setting default values for core params
[    1.773894] Finished setting default values for core params
[    1.981544] Using Buffer DMA mode
[    1.986705] Periodic Transfer Interrupt Enhancement - disabled
[    1.994438] Multiprocessor Interrupt Enhancement - disabled
[    2.001936] OTG VER PARAM: 0, OTG VER FLAG: 0
[    2.008193] Dedicated Tx FIFOs mode
[    2.013953] WARN::dwc_otg_hcd_init:1047: FIQ DMA bounce buffers: virt = 0xdbc14000 dma = 0x5bc14000 len=9024
[    2.027538] FIQ FSM acceleration enabled for :
[    2.027538] Non-periodic Split Transactions
[    2.027538] Periodic Split Transactions
[    2.027538] High-Speed Isochronous Endpoints
[    2.051276] dwc_otg: Microframe scheduler enabled
[    2.051387] WARN::hcd_init_fiq:412: FIQ on core 0 at 0xc03f9518
[    2.059120] WARN::hcd_init_fiq:413: FIQ ASM at 0xc03f97c8 length 36
[    2.067154] WARN::hcd_init_fiq:438: MPHI regs_base at 0xdc806000
[    2.075075] dwc_otg bcm2708_usb: DWC OTG Controller
[    2.081843] dwc_otg bcm2708_usb: new USB bus registered, assigned bus number 1
[    2.090970] dwc_otg bcm2708_usb: irq 32, io mem 0x00000000
[    2.098337] Init: Port Power? op_state=1
[    2.104022] Init: Power Port (0)
[    2.109379] usb usb1: New USB device found, idVendor=1d6b, idProduct=0002
[    2.118022] usb usb1: New USB device strings: Mfr=3, Product=2, SerialNumber=1
[    2.127013] usb usb1: Product: DWC OTG Controller
[    2.133522] usb usb1: Manufacturer: Linux 3.18.8+ dwc_otg_hcd
[    2.141093] usb usb1: SerialNumber: bcm2708_usb
[    2.148596] hub 1-0:1.0: USB hub found
[    2.154273] hub 1-0:1.0: 1 port detected
[    2.160762] dwc_otg: FIQ enabled
[    2.160787] dwc_otg: NAK holdoff enabled
[    2.160799] dwc_otg: FIQ split-transaction FSM enabled
[    2.160873] Module dwc_common_port init
[    2.161487] usbcore: registered new interface driver usb-storage
[    2.170001] mousedev: PS/2 mouse device common for all mice
[    2.178437] bcm2835-cpufreq: min=700000 max=700000
[    2.185466] sdhci: Secure Digital Host Controller Interface driver
[    2.193607] sdhci: Copyright(c) Pierre Ossman
[    2.200176] DMA channels allocated for the MMC driver
[    2.237571] Load BCM2835 MMC driver
[    2.245165] sdhci-pltfm: SDHCI platform and OF driver helper
[    2.261448] ledtrig-cpu: registered to indicate activity on CPUs
[    2.271988] hidraw: raw HID events driver (C) Jiri Kosina
[    2.283916] usbcore: registered new interface driver usbhid
[    2.293545] usbhid: USB HID core driver
[    2.300954] TCP: cubic registered
[    2.307587] Initializing XFRM netlink socket
[    2.313703] NET: Registered protocol family 17
[    2.320244] Key type dns_resolver registered
[    2.328507] registered taskstats version 1
[    2.334732] vc-sm: Videocore shared memory driver
[    2.341424] [vc_sm_connected_init]: start
[    2.348640] [vc_sm_connected_init]: end - returning 0
[    2.357322] Waiting for root device /dev/mmcblk0p2...
[    2.364720] Indeed it is in host mode hprt0 = 00021501
[    2.376856] mmc0: host does not support reading read-only switch, assuming write-enable
[    2.400294] mmc0: new high speed SDHC card at address 1234
[    2.418229] mmcblk0: mmc0:1234 SA04G 3.63 GiB 
[    2.439442]  mmcblk0: p1 p2
[    2.482173] EXT4-fs (mmcblk0p2): INFO: recovery required on readonly filesystem
[    2.491582] EXT4-fs (mmcblk0p2): write access will be enabled during recovery
[    2.577722] usb 1-1: new high-speed USB device number 2 using dwc_otg
[    2.586309] Indeed it is in host mode hprt0 = 00001101
[    2.788058] usb 1-1: New USB device found, idVendor=0424, idProduct=9514
[    2.796739] usb 1-1: New USB device strings: Mfr=0, Product=0, SerialNumber=0
[    2.807045] hub 1-1:1.0: USB hub found
[    2.812992] hub 1-1:1.0: 5 ports detected
[    3.097733] usb 1-1.1: new high-speed USB device number 3 using dwc_otg
[    3.218029] usb 1-1.1: New USB device found, idVendor=0424, idProduct=ec00
[    3.226854] usb 1-1.1: New USB device strings: Mfr=0, Product=0, SerialNumber=0
[    3.239281] smsc95xx v1.0.4
[    3.302176] smsc95xx 1-1.1:1.0 eth0: register 'smsc95xx' at usb-bcm2708_usb-1.1, smsc95xx USB 2.0 Ethernet, b8:27:eb:38:75:61
[    3.397727] usb 1-1.5: new high-speed USB device number 4 using dwc_otg
[    3.519556] usb 1-1.5: New USB device found, idVendor=2001, idProduct=3308
[    3.528526] usb 1-1.5: New USB device strings: Mfr=1, Product=2, SerialNumber=3
[    3.537886] usb 1-1.5: Product: 802.11n WLAN Adapter
[    3.544835] usb 1-1.5: Manufacturer: Realtek
[    3.551058] usb 1-1.5: SerialNumber: 00e04c000001
[    7.990465] EXT4-fs (mmcblk0p2): recovery complete
[    8.683076] EXT4-fs (mmcblk0p2): mounted filesystem with ordered data mode. Opts: (null)
[    8.695127] VFS: Mounted root (ext4 filesystem) readonly on device 179:2.
[    8.706032] devtmpfs: mounted
[    8.712141] Freeing unused kernel memory: 344K (c07a6000 - c07fc000)
[   10.349869] udevd[159]: starting version 175
[   12.026382] bcm2708_i2c_init_pinmode(1,2)
[   12.159032] bcm2708_i2c_init_pinmode(1,3)
[   12.329949] bcm2708_i2c 20804000.i2c: BSC1 Controller at 0x20804000 (irq 79) (baudrate 100000)
[   12.639463] GPIO $dc990000 = 0x24800900 
[   12.757969] GPIO $dc990004 = 0x24024 
[   12.763778] * 0xdc990000 &= ~ 0xE00000
[   13.094482] * 0xdc990000 | 4 << 0x0015
[   13.188713] * 0xdc990000 &= ~ 0x7000000
[   13.194652] * 0xdc990000 | 4 << 0x0018
[   13.305228] random: nonblocking pool is initialized
[   13.347671] * 0xdc990000 &= ~ 0x38000000
[   13.423948] * 0xdc990000 | 4 << 0x001B
[   13.518298] * 0xdc990004 &= ~ 0x0007
[   13.523881] * 0xdc990004 | 4 << 0x0000
[   13.653195] * 0xdc990004 &= ~ 0x0038
[   13.712601] * 0xdc990004 | 4 << 0x0003
[   13.772714] GPIO $dc990000 = 0x24800900 
[   13.836465] GPIO $dc990004 = 0x24024 
[   13.892849] bcm2708_spi 20204000.spi: DMA channel 2 at address 0xf2007200 with irq 77
[   13.988331] bcm2708_spi 20204000.spi: DMA channel 4 at address 0xf2007400 with irq 20
[   14.092500] stmpe-spi spi0.1: stmpe610 detected, chip id: 0x811
[   14.171049] fb_ili9340: module is from the staging directory, the quality is unknown, you have been warned.
[   14.202734] fbtft_of_value: buswidth = 8
[   14.215495] fbtft_of_value: debug = 0
[   14.228708] fbtft_of_value: rotate = 90
[   14.234497] fbtft_of_value: fps = 20
[   14.242137] usbcore: registered new interface driver rtl8192cu
[   14.744620] graphics fb1: fb_ili9340 frame buffer, 320x240, 150 KiB video memory, 4 KiB DMA buffer memory, fps=20, spi0.0 at 32 MHz
[   14.760568] bcm2708_spi 20204000.spi: SPI Controller at 0x20204000 (irq 80)
[   14.769760] bcm2708_spi 20204000.spi: SPI Controller running in dma mode
[   17.763490] EXT4-fs (mmcblk0p2): re-mounted. Opts: (null)
[   18.288724] EXT4-fs (mmcblk0p2): re-mounted. Opts: (null)
[   19.315824] input: stmpe-ts as /devices/soc/20204000.spi/spi_master/spi0/spi0.1/stmpe-ts/input/input0
[   28.835355] smsc95xx 1-1.1:1.0 eth0: hardware isn't capable of remote wakeup
[   30.274105] smsc95xx 1-1.1:1.0 eth0: link up, 100Mbps, full-duplex, lpa 0x45E1
[   40.754513] Adding 102396k swap on /var/swap.  Priority:-1 extents:8 across:545280k SSFS
